[2023-09-16T15:39:23+0200] [PACMAN] Running 'pacman -S xorg'
[2023-09-16T15:39:39+0200] [ALPM] transaction started
[2023-09-16T15:39:39+0200] [ALPM] installed xf86-video-vesa (2.6.0-1)
[2023-09-16T15:39:39+0200] [ALPM] installed xorg-bdftopcf (1.1.1-1)
[2023-09-16T15:39:39+0200] [ALPM] installed xorg-docs (1.7.2-2)
[2023-09-16T15:39:39+0200] [ALPM] installed xorg-font-util (1.4.1-1)
[2023-09-16T15:39:39+0200] [ALPM] installed xorg-fonts-alias-100dpi (1.0.5-1)
[2023-09-16T15:39:39+0200] [ALPM] installed xorg-fonts-100dpi (1.0.4-2)
[2023-09-16T15:39:39+0200] [ALPM] installed xorg-fonts-alias-75dpi (1.0.5-1)
[2023-09-16T15:39:39+0200] [ALPM] installed xorg-fonts-75dpi (1.0.4-1)
[2023-09-16T15:39:39+0200] [ALPM] reinstalled xorg-fonts-encodings (1.0.7-1)
[2023-09-16T15:39:39+0200] [ALPM] installed xorg-iceauth (1.0.9-1)
[2023-09-16T15:39:39+0200] [ALPM] installed xorg-mkfontscale (1.2.2-1)
[2023-09-16T15:39:40+0200] [ALPM-SCRIPTLET] Creating X fontdir indices... done.
[2023-09-16T15:39:40+0200] [ALPM] reinstalled xorg-xkbcomp (1.4.6-1)
[2023-09-16T15:39:40+0200] [ALPM] reinstalled xorg-setxkbmap (1.3.4-1)
[2023-09-16T15:39:40+0200] [ALPM] reinstalled xorg-server-common (21.1.8-2)
[2023-09-16T15:39:40+0200] [ALPM] reinstalled xorg-server (21.1.8-2)
[2023-09-16T15:39:40+0200] [ALPM] installed xorg-util-macros (1.20.0-2)
[2023-09-16T15:39:40+0200] [ALPM] installed xorg-server-devel (21.1.8-2)
[2023-09-16T15:39:40+0200] [ALPM] installed xcb-util-image (0.4.1-2)
[2023-09-16T15:39:40+0200] [ALPM] installed xcb-util-renderutil (0.3.10-1)
[2023-09-16T15:39:40+0200] [ALPM] installed xcb-util-wm (0.4.2-1)
[2023-09-16T15:39:40+0200] [ALPM] installed xcb-util-keysyms (0.4.1-4)
[2023-09-16T15:39:40+0200] [ALPM] installed xorg-server-xephyr (21.1.8-2)
[2023-09-16T15:39:40+0200] [ALPM] installed xorg-server-xnest (21.1.8-2)
[2023-09-16T15:39:40+0200] [ALPM] installed xorg-xauth (1.1.2-1)
[2023-09-16T15:39:40+0200] [ALPM] installed xorg-server-xvfb (21.1.8-2)
[2023-09-16T15:39:40+0200] [ALPM] installed xorg-sessreg (1.1.3-1)
[2023-09-16T15:39:40+0200] [ALPM] installed xorg-smproxy (1.0.7-1)
[2023-09-16T15:39:40+0200] [ALPM] installed xorg-x11perf (1.6.2-1)
[2023-09-16T15:39:40+0200] [ALPM] installed xorg-xbacklight (1.2.3-3)
[2023-09-16T15:39:40+0200] [ALPM] installed xorg-xcmsdb (1.0.6-1)
[2023-09-16T15:39:40+0200] [ALPM] installed xorg-xcursorgen (1.0.8-1)
[2023-09-16T15:39:40+0200] [ALPM] installed xorg-xdpyinfo (1.3.4-1)
[2023-09-16T15:39:40+0200] [ALPM] installed xorg-xdriinfo (1.0.7-1)
[2023-09-16T15:39:40+0200] [ALPM] installed xorg-xev (1.2.5-1)
[2023-09-16T15:39:40+0200] [ALPM] installed xorg-xgamma (1.0.7-1)
[2023-09-16T15:39:40+0200] [ALPM] reinstalled xorg-xhost (1.0.9-1)
[2023-09-16T15:39:40+0200] [ALPM] reinstalled xorg-xrandr (1.5.2-1)
[2023-09-16T15:39:40+0200] [ALPM] installed xorg-xinput (1.6.4-1)
[2023-09-16T15:39:40+0200] [ALPM] installed xorg-xkbevd (1.1.5-1)
[2023-09-16T15:39:40+0200] [ALPM] installed libxaw (1.0.15-1)
[2023-09-16T15:39:40+0200] [ALPM] installed xorg-xkbutils (1.0.5-1)
[2023-09-16T15:39:40+0200] [ALPM] installed xorg-xkill (1.0.6-1)
[2023-09-16T15:39:40+0200] [ALPM] installed xorg-xlsatoms (1.1.4-1)
[2023-09-16T15:39:40+0200] [ALPM] installed xorg-xlsclients (1.1.5-1)
[2023-09-16T15:39:40+0200] [ALPM] reinstalled xorg-xmodmap (1.0.11-1)
[2023-09-16T15:39:40+0200] [ALPM] installed xorg-xpr (1.1.0-1)
[2023-09-16T15:39:40+0200] [ALPM] reinstalled xorg-xprop (1.2.6-1)
[2023-09-16T15:39:40+0200] [ALPM] reinstalled xorg-xrdb (1.2.2-1)
[2023-09-16T15:39:40+0200] [ALPM] installed xorg-xrefresh (1.0.7-1)
[2023-09-16T15:39:40+0200] [ALPM] installed xorg-xset (1.2.5-1)
[2023-09-16T15:39:40+0200] [ALPM] installed xorg-xsetroot (1.1.3-1)
[2023-09-16T15:39:40+0200] [ALPM] installed xorg-xvinfo (1.1.5-1)
[2023-09-16T15:39:40+0200] [ALPM] reinstalled xorg-xwayland (23.2.0-1)
[2023-09-16T15:39:40+0200] [ALPM] installed xorg-xwd (1.0.9-1)
[2023-09-16T15:39:40+0200] [ALPM] installed xorg-xwininfo (1.1.6-1)
[2023-09-16T15:39:40+0200] [ALPM] installed xorg-xwud (1.0.6-1)
[2023-09-16T15:39:40+0200] [ALPM] transaction completed
[2023-09-16T15:39:40+0200] [ALPM] running '30-systemd-update.hook'...
[2023-09-16T15:39:40+0200] [ALPM] running 'fontconfig.hook'...
[2023-09-16T15:39:40+0200] [ALPM] running 'update-desktop-database.hook'...
[2023-09-16T15:39:40+0200] [ALPM] running 'xorg-mkfontscale.hook'...
