[2023-09-16T07:30:20+0000] [PACMAN] Running 'pacman -r /mnt -Sy --config=/etc/pacman.conf --cachedir=/mnt/var/cache/pacman/pkg --noconfirm base linux linux-firmware'
[2023-09-16T07:30:20+0000] [PACMAN] synchronizing package lists
[2023-09-16T07:31:22+0000] [ALPM] transaction started
[2023-09-16T07:31:22+0000] [ALPM] installed iana-etc (20230907-1)
[2023-09-16T07:31:22+0000] [ALPM] installed filesystem (2023.01.31-1)
[2023-09-16T07:31:22+0000] [ALPM] installed linux-api-headers (6.4-1)
[2023-09-16T07:31:22+0000] [ALPM] installed tzdata (2023c-2)
[2023-09-16T07:31:22+0000] [ALPM] installed glibc (2.38-3)
[2023-09-16T07:31:22+0000] [ALPM] installed gcc-libs (13.2.1-3)
[2023-09-16T07:31:23+0000] [ALPM] installed ncurses (6.4_20230520-1)
[2023-09-16T07:31:23+0000] [ALPM] installed readline (8.2.001-2)
[2023-09-16T07:31:23+0000] [ALPM] installed bash (5.1.016-4)
[2023-09-16T07:31:23+0000] [ALPM] installed acl (2.3.1-3)
[2023-09-16T07:31:23+0000] [ALPM] installed attr (2.5.1-3)
[2023-09-16T07:31:23+0000] [ALPM] installed gmp (6.3.0-1)
[2023-09-16T07:31:23+0000] [ALPM] installed util-linux-libs (2.39.2-1)
[2023-09-16T07:31:23+0000] [ALPM] installed e2fsprogs (1.47.0-1)
[2023-09-16T07:31:23+0000] [ALPM] installed gdbm (1.23-2)
[2023-09-16T07:31:23+0000] [ALPM] installed openssl (3.1.2-1)
[2023-09-16T07:31:23+0000] [ALPM] installed libsasl (2.1.28-4)
[2023-09-16T07:31:23+0000] [ALPM] installed libldap (2.6.6-1)
[2023-09-16T07:31:23+0000] [ALPM] installed keyutils (1.6.3-2)
[2023-09-16T07:31:23+0000] [ALPM] installed libevent (2.1.12-4)
[2023-09-16T07:31:23+0000] [ALPM] installed libverto (0.3.2-4)
[2023-09-16T07:31:23+0000] [ALPM] installed krb5 (1.20.1-1)
[2023-09-16T07:31:23+0000] [ALPM] installed libtirpc (1.3.3-2)
[2023-09-16T07:31:23+0000] [ALPM] installed pambase (20221020-1)
[2023-09-16T07:31:23+0000] [ALPM] installed libcap-ng (0.8.3-2)
[2023-09-16T07:31:23+0000] [ALPM] installed audit (3.1.2-1)
[2023-09-16T07:31:23+0000] [ALPM] installed libxcrypt (4.4.36-1)
[2023-09-16T07:31:23+0000] [ALPM] installed pam (1.5.3-3)
[2023-09-16T07:31:23+0000] [ALPM] installed libcap (2.69-1)
[2023-09-16T07:31:23+0000] [ALPM] installed coreutils (9.3-1)
[2023-09-16T07:31:23+0000] [ALPM] installed zlib (1:1.3-1)
[2023-09-16T07:31:23+0000] [ALPM] installed xz (5.4.4-1)
[2023-09-16T07:31:23+0000] [ALPM] installed bzip2 (1.0.8-5)
[2023-09-16T07:31:23+0000] [ALPM] installed libseccomp (2.5.4-2)
[2023-09-16T07:31:23+0000] [ALPM] installed lz4 (1:1.9.4-1)
[2023-09-16T07:31:23+0000] [ALPM] installed zstd (1.5.5-1)
[2023-09-16T07:31:23+0000] [ALPM] installed file (5.45-1)
[2023-09-16T07:31:23+0000] [ALPM] installed findutils (4.9.0-3)
[2023-09-16T07:31:23+0000] [ALPM] installed mpfr (4.2.1-1)
[2023-09-16T07:31:23+0000] [ALPM] installed gawk (5.2.2-1)
[2023-09-16T07:31:23+0000] [ALPM] installed pcre2 (10.42-2)
[2023-09-16T07:31:23+0000] [ALPM] installed grep (3.11-1)
[2023-09-16T07:31:23+0000] [ALPM] installed libgpg-error (1.47-1)
[2023-09-16T07:31:23+0000] [ALPM] installed libgcrypt (1.10.2-1)
[2023-09-16T07:31:23+0000] [ALPM] installed systemd-libs (254.3-1)
[2023-09-16T07:31:23+0000] [ALPM] installed procps-ng (4.0.4-1)
[2023-09-16T07:31:23+0000] [ALPM] installed sed (4.9-3)
[2023-09-16T07:31:23+0000] [ALPM] installed tar (1.35-1)
[2023-09-16T07:31:23+0000] [ALPM] installed libunistring (1.1-2)
[2023-09-16T07:31:23+0000] [ALPM] installed icu (73.2-2)
[2023-09-16T07:31:23+0000] [ALPM] installed libxml2 (2.11.5-1)
[2023-09-16T07:31:23+0000] [ALPM] installed gettext (0.22-1)
[2023-09-16T07:31:23+0000] [ALPM] installed hwdata (0.374-1)
[2023-09-16T07:31:23+0000] [ALPM] installed kmod (30-3)
[2023-09-16T07:31:23+0000] [ALPM] installed pciutils (3.10.0-1)
[2023-09-16T07:31:23+0000] [ALPM] installed psmisc (23.6-1)
[2023-09-16T07:31:23+0000] [ALPM] installed shadow (4.13-3)
[2023-09-16T07:31:23+0000] [ALPM] installed libutempter (1.2.1-3)
[2023-09-16T07:31:23+0000] [ALPM] installed util-linux (2.39.2-1)
[2023-09-16T07:31:23+0000] [ALPM] installed gzip (1.13-2)
[2023-09-16T07:31:23+0000] [ALPM] installed licenses (20230903-1)
[2023-09-16T07:31:23+0000] [ALPM] installed expat (2.5.0-1)
[2023-09-16T07:31:23+0000] [ALPM] installed libarchive (3.7.2-1)
[2023-09-16T07:31:23+0000] [ALPM] installed libffi (3.4.4-1)
[2023-09-16T07:31:23+0000] [ALPM] installed libtasn1 (4.19.0-1)
[2023-09-16T07:31:23+0000] [ALPM] installed libp11-kit (0.25.0-1)
[2023-09-16T07:31:23+0000] [ALPM] installed p11-kit (0.25.0-1)
[2023-09-16T07:31:23+0000] [ALPM] installed ca-certificates-utils (20220905-1)
[2023-09-16T07:31:23+0000] [ALPM] installed ca-certificates-mozilla (3.93-1)
[2023-09-16T07:31:23+0000] [ALPM] installed ca-certificates (20220905-1)
[2023-09-16T07:31:23+0000] [ALPM] installed brotli (1.0.9-12)
[2023-09-16T07:31:23+0000] [ALPM] installed libidn2 (2.3.4-3)
[2023-09-16T07:31:23+0000] [ALPM] installed libnghttp2 (1.56.0-1)
[2023-09-16T07:31:23+0000] [ALPM] installed libpsl (0.21.2-1)
[2023-09-16T07:31:23+0000] [ALPM] installed libssh2 (1.11.0-1)
[2023-09-16T07:31:23+0000] [ALPM] installed curl (8.3.0-1)
[2023-09-16T07:31:23+0000] [ALPM] installed nettle (3.9.1-1)
[2023-09-16T07:31:23+0000] [ALPM] installed gnutls (3.8.1-1)
[2023-09-16T07:31:23+0000] [ALPM] installed libksba (1.6.4-1)
[2023-09-16T07:31:23+0000] [ALPM] installed libassuan (2.5.6-1)
[2023-09-16T07:31:23+0000] [ALPM] installed libusb (1.0.26-2)
[2023-09-16T07:31:23+0000] [ALPM] installed npth (1.6-4)
[2023-09-16T07:31:23+0000] [ALPM] installed libsysprof-capture (3.48.0-4)
[2023-09-16T07:31:23+0000] [ALPM] installed glib2 (2.78.0-2)
[2023-09-16T07:31:23+0000] [ALPM] installed json-c (0.17-1)
[2023-09-16T07:31:23+0000] [ALPM] installed tpm2-tss (4.0.1-1)
[2023-09-16T07:31:23+0000] [ALPM] installed libsecret (0.21.0-1)
[2023-09-16T07:31:23+0000] [ALPM] installed pinentry (1.2.1-1)
[2023-09-16T07:31:23+0000] [ALPM] installed sqlite (3.43.1-1)
[2023-09-16T07:31:23+0000] [ALPM] installed gnupg (2.2.41-2)
[2023-09-16T07:31:23+0000] [ALPM] installed gpgme (1.22.0-1)
[2023-09-16T07:31:23+0000] [ALPM] installed pacman-mirrorlist (20230820-1)
[2023-09-16T07:31:23+0000] [ALPM] installed pacman (6.0.2-7)
[2023-09-16T07:31:23+0000] [ALPM] installed archlinux-keyring (20230821-2)
[2023-09-16T07:31:23+0000] [ALPM-SCRIPTLET] ==> Appending keys from archlinux.gpg...
[2023-09-16T07:31:25+0000] [ALPM-SCRIPTLET] ==> Locally signing trusted keys in keyring...
[2023-09-16T07:31:27+0000] [ALPM-SCRIPTLET]   -> Locally signed 5 keys.
[2023-09-16T07:31:27+0000] [ALPM-SCRIPTLET] ==> Importing owner trust values...
[2023-09-16T07:31:27+0000] [ALPM-SCRIPTLET] gpg: setting ownertrust to 4
[2023-09-16T07:31:27+0000] [ALPM-SCRIPTLET] gpg: setting ownertrust to 4
[2023-09-16T07:31:27+0000] [ALPM-SCRIPTLET] gpg: setting ownertrust to 4
[2023-09-16T07:31:27+0000] [ALPM-SCRIPTLET] gpg: inserting ownertrust of 4
[2023-09-16T07:31:27+0000] [ALPM-SCRIPTLET] gpg: setting ownertrust to 4
[2023-09-16T07:31:27+0000] [ALPM-SCRIPTLET] ==> Disabling revoked keys in keyring...
[2023-09-16T07:31:28+0000] [ALPM-SCRIPTLET]   -> Disabled 36 keys.
[2023-09-16T07:31:28+0000] [ALPM-SCRIPTLET] ==> Updating trust database...
[2023-09-16T07:31:28+0000] [ALPM-SCRIPTLET] gpg: marginals needed: 3  completes needed: 1  trust model: pgp
[2023-09-16T07:31:28+0000] [ALPM-SCRIPTLET] gpg: depth: 0  valid:   1  signed:   5  trust: 0-, 0q, 0n, 0m, 0f, 1u
[2023-09-16T07:31:28+0000] [ALPM-SCRIPTLET] gpg: depth: 1  valid:   5  signed:  95  trust: 0-, 0q, 0n, 5m, 0f, 0u
[2023-09-16T07:31:28+0000] [ALPM-SCRIPTLET] gpg: depth: 2  valid:  73  signed:  27  trust: 73-, 0q, 0n, 0m, 0f, 0u
[2023-09-16T07:31:28+0000] [ALPM-SCRIPTLET] gpg: next trustdb check due at 2023-10-27
[2023-09-16T07:31:28+0000] [ALPM] installed device-mapper (2.03.22-2)
[2023-09-16T07:31:28+0000] [ALPM] installed popt (1.19-1)
[2023-09-16T07:31:28+0000] [ALPM] installed argon2 (20190702-5)
[2023-09-16T07:31:28+0000] [ALPM] installed cryptsetup (2.6.1-3)
[2023-09-16T07:31:28+0000] [ALPM] installed dbus (1.14.10-1)
[2023-09-16T07:31:28+0000] [ALPM] installed libmnl (1.0.5-1)
[2023-09-16T07:31:28+0000] [ALPM] installed libnftnl (1.2.6-1)
[2023-09-16T07:31:28+0000] [ALPM] installed libnl (3.8.0-1)
[2023-09-16T07:31:28+0000] [ALPM] installed libpcap (1.10.4-1)
[2023-09-16T07:31:28+0000] [ALPM] installed libnfnetlink (1.0.2-1)
[2023-09-16T07:31:28+0000] [ALPM] installed libnetfilter_conntrack (1.0.9-1)
[2023-09-16T07:31:28+0000] [ALPM] installed iptables (1:1.8.9-1)
[2023-09-16T07:31:28+0000] [ALPM] installed kbd (2.6.2-1)
[2023-09-16T07:31:28+0000] [ALPM] installed libelf (0.189-3)
[2023-09-16T07:31:28+0000] [ALPM] installed systemd (254.3-1)
[2023-09-16T07:31:28+0000] [ALPM-SCRIPTLET] Initializing machine ID from random generator.
[2023-09-16T07:31:28+0000] [ALPM-SCRIPTLET] Creating group 'sys' with GID 3.
[2023-09-16T07:31:28+0000] [ALPM-SCRIPTLET] Creating group 'mem' with GID 8.
[2023-09-16T07:31:28+0000] [ALPM-SCRIPTLET] Creating group 'ftp' with GID 11.
[2023-09-16T07:31:28+0000] [ALPM-SCRIPTLET] Creating group 'mail' with GID 12.
[2023-09-16T07:31:28+0000] [ALPM-SCRIPTLET] Creating group 'log' with GID 19.
[2023-09-16T07:31:28+0000] [ALPM-SCRIPTLET] Creating group 'smmsp' with GID 25.
[2023-09-16T07:31:28+0000] [ALPM-SCRIPTLET] Creating group 'proc' with GID 26.
[2023-09-16T07:31:28+0000] [ALPM-SCRIPTLET] Creating group 'games' with GID 50.
[2023-09-16T07:31:28+0000] [ALPM-SCRIPTLET] Creating group 'lock' with GID 54.
[2023-09-16T07:31:28+0000] [ALPM-SCRIPTLET] Creating group 'network' with GID 90.
[2023-09-16T07:31:28+0000] [ALPM-SCRIPTLET] Creating group 'floppy' with GID 94.
[2023-09-16T07:31:28+0000] [ALPM-SCRIPTLET] Creating group 'scanner' with GID 96.
[2023-09-16T07:31:28+0000] [ALPM-SCRIPTLET] Creating group 'power' with GID 98.
[2023-09-16T07:31:28+0000] [ALPM-SCRIPTLET] Creating group 'nobody' with GID 65534.
[2023-09-16T07:31:28+0000] [ALPM-SCRIPTLET] Creating group 'adm' with GID 999.
[2023-09-16T07:31:28+0000] [ALPM-SCRIPTLET] Creating group 'wheel' with GID 998.
[2023-09-16T07:31:28+0000] [ALPM-SCRIPTLET] Creating group 'utmp' with GID 997.
[2023-09-16T07:31:28+0000] [ALPM-SCRIPTLET] Creating group 'audio' with GID 996.
[2023-09-16T07:31:28+0000] [ALPM-SCRIPTLET] Creating group 'disk' with GID 995.
[2023-09-16T07:31:28+0000] [ALPM-SCRIPTLET] Creating group 'input' with GID 994.
[2023-09-16T07:31:28+0000] [ALPM-SCRIPTLET] Creating group 'kmem' with GID 993.
[2023-09-16T07:31:28+0000] [ALPM-SCRIPTLET] Creating group 'kvm' with GID 992.
[2023-09-16T07:31:28+0000] [ALPM-SCRIPTLET] Creating group 'lp' with GID 991.
[2023-09-16T07:31:28+0000] [ALPM-SCRIPTLET] Creating group 'optical' with GID 990.
[2023-09-16T07:31:28+0000] [ALPM-SCRIPTLET] Creating group 'render' with GID 989.
[2023-09-16T07:31:28+0000] [ALPM-SCRIPTLET] Creating group 'sgx' with GID 988.
[2023-09-16T07:31:28+0000] [ALPM-SCRIPTLET] Creating group 'storage' with GID 987.
[2023-09-16T07:31:28+0000] [ALPM-SCRIPTLET] Creating group 'tty' with GID 5.
[2023-09-16T07:31:28+0000] [ALPM-SCRIPTLET] Creating group 'uucp' with GID 986.
[2023-09-16T07:31:28+0000] [ALPM-SCRIPTLET] Creating group 'video' with GID 985.
[2023-09-16T07:31:28+0000] [ALPM-SCRIPTLET] Creating group 'users' with GID 984.
[2023-09-16T07:31:28+0000] [ALPM-SCRIPTLET] Creating group 'systemd-journal' with GID 983.
[2023-09-16T07:31:28+0000] [ALPM-SCRIPTLET] Creating group 'rfkill' with GID 982.
[2023-09-16T07:31:28+0000] [ALPM-SCRIPTLET] Creating group 'bin' with GID 1.
[2023-09-16T07:31:28+0000] [ALPM-SCRIPTLET] Creating user 'bin' (n/a) with UID 1 and GID 1.
[2023-09-16T07:31:28+0000] [ALPM-SCRIPTLET] Creating group 'daemon' with GID 2.
[2023-09-16T07:31:28+0000] [ALPM-SCRIPTLET] Creating user 'daemon' (n/a) with UID 2 and GID 2.
[2023-09-16T07:31:28+0000] [ALPM-SCRIPTLET] Creating user 'mail' (n/a) with UID 8 and GID 12.
[2023-09-16T07:31:28+0000] [ALPM-SCRIPTLET] Creating user 'ftp' (n/a) with UID 14 and GID 11.
[2023-09-16T07:31:28+0000] [ALPM-SCRIPTLET] Creating group 'http' with GID 33.
[2023-09-16T07:31:28+0000] [ALPM-SCRIPTLET] Creating user 'http' (n/a) with UID 33 and GID 33.
[2023-09-16T07:31:28+0000] [ALPM-SCRIPTLET] Creating user 'nobody' (Kernel Overflow User) with UID 65534 and GID 65534.
[2023-09-16T07:31:28+0000] [ALPM-SCRIPTLET] Creating group 'dbus' with GID 81.
[2023-09-16T07:31:28+0000] [ALPM-SCRIPTLET] Creating user 'dbus' (System Message Bus) with UID 81 and GID 81.
[2023-09-16T07:31:28+0000] [ALPM-SCRIPTLET] Creating group 'systemd-coredump' with GID 981.
[2023-09-16T07:31:28+0000] [ALPM-SCRIPTLET] Creating user 'systemd-coredump' (systemd Core Dumper) with UID 981 and GID 981.
[2023-09-16T07:31:28+0000] [ALPM-SCRIPTLET] Creating group 'systemd-network' with GID 980.
[2023-09-16T07:31:28+0000] [ALPM-SCRIPTLET] Creating user 'systemd-network' (systemd Network Management) with UID 980 and GID 980.
[2023-09-16T07:31:28+0000] [ALPM-SCRIPTLET] Creating group 'systemd-oom' with GID 979.
[2023-09-16T07:31:28+0000] [ALPM-SCRIPTLET] Creating user 'systemd-oom' (systemd Userspace OOM Killer) with UID 979 and GID 979.
[2023-09-16T07:31:28+0000] [ALPM-SCRIPTLET] Creating group 'systemd-journal-remote' with GID 978.
[2023-09-16T07:31:28+0000] [ALPM-SCRIPTLET] Creating user 'systemd-journal-remote' (systemd Journal Remote) with UID 978 and GID 978.
[2023-09-16T07:31:28+0000] [ALPM-SCRIPTLET] Creating group 'systemd-journal-upload' with GID 977.
[2023-09-16T07:31:28+0000] [ALPM-SCRIPTLET] Creating user 'systemd-journal-upload' (systemd Journal Upload) with UID 977 and GID 977.
[2023-09-16T07:31:28+0000] [ALPM-SCRIPTLET] Creating group 'systemd-resolve' with GID 976.
[2023-09-16T07:31:28+0000] [ALPM-SCRIPTLET] Creating user 'systemd-resolve' (systemd Resolver) with UID 976 and GID 976.
[2023-09-16T07:31:28+0000] [ALPM-SCRIPTLET] Creating group 'systemd-timesync' with GID 975.
[2023-09-16T07:31:28+0000] [ALPM-SCRIPTLET] Creating user 'systemd-timesync' (systemd Time Synchronization) with UID 975 and GID 975.
[2023-09-16T07:31:28+0000] [ALPM-SCRIPTLET] Creating group 'tss' with GID 974.
[2023-09-16T07:31:28+0000] [ALPM-SCRIPTLET] Creating user 'tss' (tss user for tpm2) with UID 974 and GID 974.
[2023-09-16T07:31:28+0000] [ALPM-SCRIPTLET] Creating group 'uuidd' with GID 68.
[2023-09-16T07:31:28+0000] [ALPM-SCRIPTLET] Creating user 'uuidd' (n/a) with UID 68 and GID 68.
[2023-09-16T07:31:28+0000] [ALPM-SCRIPTLET] Created symlink /etc/systemd/system/getty.target.wants/getty@tty1.service → /usr/lib/systemd/system/getty@.service.
[2023-09-16T07:31:28+0000] [ALPM-SCRIPTLET] Created symlink /etc/systemd/system/multi-user.target.wants/remote-fs.target → /usr/lib/systemd/system/remote-fs.target.
[2023-09-16T07:31:29+0000] [ALPM] installed systemd-sysvcompat (254.3-1)
[2023-09-16T07:31:29+0000] [ALPM] installed iputils (20221126-2)
[2023-09-16T07:31:29+0000] [ALPM] installed libbpf (1.2.2-1)
[2023-09-16T07:31:29+0000] [ALPM] installed iproute2 (6.5.0-1)
[2023-09-16T07:31:29+0000] [ALPM] installed base (3-1)
[2023-09-16T07:31:29+0000] [ALPM] installed mkinitcpio-busybox (1.36.1-1)
[2023-09-16T07:31:29+0000] [ALPM] installed jansson (2.14-2)
[2023-09-16T07:31:29+0000] [ALPM] installed binutils (2.41-3)
[2023-09-16T07:31:29+0000] [ALPM] installed diffutils (3.10-1)
[2023-09-16T07:31:29+0000] [ALPM] installed mkinitcpio (36-1)
[2023-09-16T07:31:29+0000] [ALPM] installed linux (6.5.3.arch1-1)
[2023-09-16T07:31:29+0000] [ALPM] installed linux-firmware-whence (20230804.7be2766d-2)
[2023-09-16T07:31:29+0000] [ALPM] installed linux-firmware (20230804.7be2766d-2)
[2023-09-16T07:31:29+0000] [ALPM] transaction completed
[2023-09-16T07:31:29+0000] [ALPM] running '20-systemd-sysusers.hook'...
[2023-09-16T07:31:29+0000] [ALPM] running '30-systemd-catalog.hook'...
[2023-09-16T07:31:29+0000] [ALPM] running '30-systemd-daemon-reload.hook'...
[2023-09-16T07:31:29+0000] [ALPM-SCRIPTLET]   Skipped: Running in chroot.
[2023-09-16T07:31:29+0000] [ALPM] running '30-systemd-hwdb.hook'...
[2023-09-16T07:31:29+0000] [ALPM] running '30-systemd-sysctl.hook'...
[2023-09-16T07:31:29+0000] [ALPM-SCRIPTLET]   Skipped: Running in chroot.
[2023-09-16T07:31:29+0000] [ALPM] running '30-systemd-tmpfiles.hook'...
[2023-09-16T07:31:29+0000] [ALPM] running '30-systemd-udev-reload.hook'...
[2023-09-16T07:31:29+0000] [ALPM-SCRIPTLET]   Skipped: Running in chroot.
[2023-09-16T07:31:29+0000] [ALPM] running '30-systemd-update.hook'...
[2023-09-16T07:31:29+0000] [ALPM] running '40-update-ca-trust.hook'...
[2023-09-16T07:31:31+0000] [ALPM] running '60-depmod.hook'...
[2023-09-16T07:31:31+0000] [ALPM] running '90-mkinitcpio-install.hook'...
[2023-09-16T07:31:32+0000] [ALPM-SCRIPTLET] ==> Building image from preset: /etc/mkinitcpio.d/linux.preset: 'default'
[2023-09-16T07:31:32+0000] [ALPM-SCRIPTLET] ==> Using default configuration file: '/etc/mkinitcpio.conf'
[2023-09-16T07:31:32+0000] [ALPM-SCRIPTLET]   -> -k /boot/vmlinuz-linux -g /boot/initramfs-linux.img --microcode /boot/*-ucode.img
[2023-09-16T07:31:32+0000] [ALPM-SCRIPTLET] ==> Starting build: '6.5.3-arch1-1'
[2023-09-16T07:31:32+0000] [ALPM-SCRIPTLET]   -> Running build hook: [base]
[2023-09-16T07:31:32+0000] [ALPM-SCRIPTLET]   -> Running build hook: [udev]
[2023-09-16T07:31:33+0000] [ALPM-SCRIPTLET]   -> Running build hook: [autodetect]
[2023-09-16T07:31:33+0000] [ALPM-SCRIPTLET]   -> Running build hook: [modconf]
[2023-09-16T07:31:33+0000] [ALPM-SCRIPTLET]   -> Running build hook: [kms]
[2023-09-16T07:31:38+0000] [ALPM-SCRIPTLET]   -> Running build hook: [keyboard]
[2023-09-16T07:31:38+0000] [ALPM-SCRIPTLET] ==> WARNING: Possibly missing firmware for module: 'xhci_pci'
[2023-09-16T07:31:38+0000] [ALPM-SCRIPTLET]   -> Running build hook: [keymap]
[2023-09-16T07:31:38+0000] [ALPM-SCRIPTLET]   -> Running build hook: [consolefont]
[2023-09-16T07:31:38+0000] [ALPM-SCRIPTLET] ==> WARNING: consolefont: no font found in configuration
[2023-09-16T07:31:38+0000] [ALPM-SCRIPTLET]   -> Running build hook: [block]
[2023-09-16T07:31:38+0000] [ALPM-SCRIPTLET]   -> Running build hook: [filesystems]
[2023-09-16T07:31:38+0000] [ALPM-SCRIPTLET]   -> Running build hook: [fsck]
[2023-09-16T07:31:39+0000] [ALPM-SCRIPTLET] ==> Generating module dependencies
[2023-09-16T07:31:39+0000] [ALPM-SCRIPTLET] ==> Creating zstd-compressed initcpio image: '/boot/initramfs-linux.img'
[2023-09-16T07:31:40+0000] [ALPM-SCRIPTLET] ==> Image generation successful
[2023-09-16T07:31:40+0000] [ALPM-SCRIPTLET] ==> Building image from preset: /etc/mkinitcpio.d/linux.preset: 'fallback'
[2023-09-16T07:31:40+0000] [ALPM-SCRIPTLET] ==> Using default configuration file: '/etc/mkinitcpio.conf'
[2023-09-16T07:31:40+0000] [ALPM-SCRIPTLET]   -> -k /boot/vmlinuz-linux -g /boot/initramfs-linux-fallback.img -S autodetect --microcode /boot/*-ucode.img
[2023-09-16T07:31:40+0000] [ALPM-SCRIPTLET] ==> Starting build: '6.5.3-arch1-1'
[2023-09-16T07:31:40+0000] [ALPM-SCRIPTLET]   -> Running build hook: [base]
[2023-09-16T07:31:40+0000] [ALPM-SCRIPTLET]   -> Running build hook: [udev]
[2023-09-16T07:31:41+0000] [ALPM-SCRIPTLET]   -> Running build hook: [modconf]
[2023-09-16T07:31:41+0000] [ALPM-SCRIPTLET]   -> Running build hook: [kms]
[2023-09-16T07:31:52+0000] [ALPM-SCRIPTLET]   -> Running build hook: [keyboard]
[2023-09-16T07:31:52+0000] [ALPM-SCRIPTLET] ==> WARNING: Possibly missing firmware for module: 'xhci_pci'
[2023-09-16T07:31:53+0000] [ALPM-SCRIPTLET]   -> Running build hook: [keymap]
[2023-09-16T07:31:53+0000] [ALPM-SCRIPTLET]   -> Running build hook: [consolefont]
[2023-09-16T07:31:53+0000] [ALPM-SCRIPTLET] ==> WARNING: consolefont: no font found in configuration
[2023-09-16T07:31:53+0000] [ALPM-SCRIPTLET]   -> Running build hook: [block]
[2023-09-16T07:31:55+0000] [ALPM-SCRIPTLET]   -> Running build hook: [filesystems]
[2023-09-16T07:31:56+0000] [ALPM-SCRIPTLET]   -> Running build hook: [fsck]
[2023-09-16T07:31:59+0000] [ALPM-SCRIPTLET] ==> Generating module dependencies
[2023-09-16T07:31:59+0000] [ALPM-SCRIPTLET] ==> Creating zstd-compressed initcpio image: '/boot/initramfs-linux-fallback.img'
[2023-09-16T07:32:01+0000] [ALPM-SCRIPTLET] ==> Image generation successful
[2023-09-16T07:32:01+0000] [ALPM] running 'dbus-reload.hook'...
[2023-09-16T07:32:01+0000] [ALPM-SCRIPTLET]   Skipped: Running in chroot.
