[2023-09-20T21:51:24+0200] [PACMAN] Running 'pacman -Syu'
[2023-09-20T21:51:24+0200] [PACMAN] synchronizing package lists
[2023-09-20T21:51:25+0200] [PACMAN] starting full system upgrade
[2023-09-20T21:51:51+0200] [ALPM] running '60-mkinitcpio-remove.hook'...
[2023-09-20T21:51:51+0200] [ALPM] transaction started
[2023-09-20T21:51:51+0200] [ALPM] upgraded abseil-cpp (20230125.3-3 -> 20230802.1-1)
[2023-09-20T21:51:51+0200] [ALPM] upgraded libp11-kit (0.25.0-1 -> 0.25.0-2)
[2023-09-20T21:51:51+0200] [ALPM] upgraded p11-kit (0.25.0-1 -> 0.25.0-2)
[2023-09-20T21:51:51+0200] [ALPM] upgraded at-spi2-core (2.48.4-1 -> 2.50.0-1)
[2023-09-20T21:51:51+0200] [ALPM] upgraded libcups (1:2.4.6-1 -> 1:2.4.7-1)
[2023-09-20T21:51:51+0200] [ALPM] upgraded harfbuzz (8.2.0-1 -> 8.2.1-1)
[2023-09-20T21:51:51+0200] [ALPM] upgraded qt5-wayland (5.15.10+kde+r57-1 -> 5.15.10+kde+r58-1)
[2023-09-20T21:51:51+0200] [ALPM] upgraded flameshot (12.1.0-1 -> 12.1.0-2)
[2023-09-20T21:51:51+0200] [ALPM] upgraded glib-networking (1:2.76.1-1 -> 1:2.78.0-1)
[2023-09-20T21:51:51+0200] [ALPM] upgraded libsoup3 (3.4.2-1 -> 3.4.3-1)
[2023-09-20T21:51:51+0200] [ALPM] installed libnvme (1.5-1)
[2023-09-20T21:51:52+0200] [ALPM] upgraded libblockdev (2.28-4 -> 3.0.3-4)
[2023-09-20T21:51:52+0200] [ALPM] upgraded udisks2 (2.9.4-4 -> 2.10.1-1)
[2023-09-20T21:51:52+0200] [ALPM] upgraded tracker3 (3.5.3-2 -> 3.6.0-1)
[2023-09-20T21:51:52+0200] [ALPM] upgraded gvfs (1.50.6-1 -> 1.52.0-1)
[2023-09-20T21:51:52+0200] [ALPM] upgraded gvfs-afc (1.50.6-1 -> 1.52.0-1)
[2023-09-20T21:51:52+0200] [ALPM] upgraded gvfs-goa (1.50.6-1 -> 1.52.0-1)
[2023-09-20T21:51:52+0200] [ALPM] upgraded gvfs-google (1.50.6-1 -> 1.52.0-1)
[2023-09-20T21:51:52+0200] [ALPM] upgraded gvfs-gphoto2 (1.50.6-1 -> 1.52.0-1)
[2023-09-20T21:51:52+0200] [ALPM] upgraded gvfs-mtp (1.50.6-1 -> 1.52.0-1)
[2023-09-20T21:51:52+0200] [ALPM] upgraded gvfs-nfs (1.50.6-1 -> 1.52.0-1)
[2023-09-20T21:51:52+0200] [ALPM] upgraded gvfs-smb (1.50.6-1 -> 1.52.0-1)
[2023-09-20T21:51:52+0200] [ALPM] upgraded harfbuzz-icu (8.2.0-1 -> 8.2.1-1)
[2023-09-20T21:51:52+0200] [ALPM] upgraded imagemagick (7.1.1.16-1 -> 7.1.1.17-1)
[2023-09-20T21:51:52+0200] [ALPM] upgraded libadwaita (1:1.3.5-1 -> 1:1.4.0-1)
[2023-09-20T21:51:52+0200] [ALPM] upgraded protobuf (24.2-1 -> 24.2-2)
[2023-09-20T21:51:52+0200] [ALPM] upgraded libphonenumber (1:8.13.19-1 -> 1:8.13.20-1)
[2023-09-20T21:51:52+0200] [ALPM] upgraded licenses (20230903-1 -> 20230917-1)
[2023-09-20T21:51:52+0200] [ALPM] upgraded linux-hardened (6.5.3.hardened1-1 -> 6.5.4.hardened1-1)
[2023-09-20T21:51:53+0200] [ALPM] upgraded linux-hardened-headers (6.5.3.hardened1-1 -> 6.5.4.hardened1-1)
[2023-09-20T21:51:53+0200] [ALPM] upgraded linux-lts (6.1.53-1 -> 6.1.54-1)
[2023-09-20T21:51:54+0200] [ALPM] upgraded linux-lts-headers (6.1.53-1 -> 6.1.54-1)
[2023-09-20T21:51:54+0200] [ALPM] upgraded lua (5.4.6-1 -> 5.4.6-2)
[2023-09-20T21:51:54+0200] [ALPM] upgraded re2 (1:20230901-1 -> 1:20230901-2)
[2023-09-20T21:51:54+0200] [ALPM] upgraded tracker3-miners (3.5.2-2 -> 3.6.0-1)
[2023-09-20T21:51:54+0200] [ALPM] upgraded vlc (3.0.18-15 -> 3.0.18-16)
[2023-09-20T21:51:54+0200] [ALPM] upgraded webkit2gtk-4.1 (2.40.5-2 -> 2.42.0-1)
[2023-09-20T21:51:54+0200] [ALPM] upgraded webkitgtk-6.0 (2.40.5-2 -> 2.42.0-1)
[2023-09-20T21:51:54+0200] [ALPM] upgraded xorg-xwayland (23.2.0-1 -> 23.2.1-1)
[2023-09-20T21:51:55+0200] [ALPM] transaction completed
[2023-09-20T21:51:55+0200] [ALPM] running '30-systemd-daemon-reload.hook'...
[2023-09-20T21:51:55+0200] [ALPM] running '30-systemd-tmpfiles.hook'...
[2023-09-20T21:51:55+0200] [ALPM] running '30-systemd-udev-reload.hook'...
[2023-09-20T21:51:55+0200] [ALPM] running '30-systemd-update.hook'...
[2023-09-20T21:51:55+0200] [ALPM] running '60-depmod.hook'...
[2023-09-20T21:51:57+0200] [ALPM] running '90-mkinitcpio-install.hook'...
[2023-09-20T21:51:57+0200] [ALPM-SCRIPTLET] ==> Building image from preset: /etc/mkinitcpio.d/linux-lts.preset: 'default'
[2023-09-20T21:51:57+0200] [ALPM-SCRIPTLET] ==> Using default configuration file: '/etc/mkinitcpio.conf'
[2023-09-20T21:51:57+0200] [ALPM-SCRIPTLET]   -> -k /boot/vmlinuz-linux-lts -g /boot/initramfs-linux-lts.img --microcode /boot/intel-ucode.img
[2023-09-20T21:51:57+0200] [ALPM-SCRIPTLET] ==> Starting build: '6.1.54-1-lts'
[2023-09-20T21:51:57+0200] [ALPM-SCRIPTLET]   -> Running build hook: [base]
[2023-09-20T21:51:57+0200] [ALPM-SCRIPTLET]   -> Running build hook: [udev]
[2023-09-20T21:51:58+0200] [ALPM-SCRIPTLET]   -> Running build hook: [autodetect]
[2023-09-20T21:51:58+0200] [ALPM-SCRIPTLET]   -> Running build hook: [modconf]
[2023-09-20T21:51:58+0200] [ALPM-SCRIPTLET]   -> Running build hook: [kms]
[2023-09-20T21:51:59+0200] [ALPM-SCRIPTLET]   -> Running build hook: [keyboard]
[2023-09-20T21:51:59+0200] [ALPM-SCRIPTLET] ==> WARNING: Possibly missing firmware for module: 'xhci_pci'
[2023-09-20T21:51:59+0200] [ALPM-SCRIPTLET]   -> Running build hook: [keymap]
[2023-09-20T21:51:59+0200] [ALPM-SCRIPTLET]   -> Running build hook: [block]
[2023-09-20T21:51:59+0200] [ALPM-SCRIPTLET]   -> Running build hook: [encrypt]
[2023-09-20T21:52:00+0200] [ALPM-SCRIPTLET]   -> Running build hook: [filesystems]
[2023-09-20T21:52:00+0200] [ALPM-SCRIPTLET]   -> Running build hook: [fsck]
[2023-09-20T21:52:01+0200] [ALPM-SCRIPTLET] ==> Generating module dependencies
[2023-09-20T21:52:01+0200] [ALPM-SCRIPTLET] ==> Creating zstd-compressed initcpio image: '/boot/initramfs-linux-lts.img'
[2023-09-20T21:52:01+0200] [ALPM-SCRIPTLET] ==> Image generation successful
[2023-09-20T21:52:01+0200] [ALPM-SCRIPTLET] ==> Building image from preset: /etc/mkinitcpio.d/linux-lts.preset: 'fallback'
[2023-09-20T21:52:01+0200] [ALPM-SCRIPTLET] ==> Using default configuration file: '/etc/mkinitcpio.conf'
[2023-09-20T21:52:01+0200] [ALPM-SCRIPTLET]   -> -k /boot/vmlinuz-linux-lts -g /boot/initramfs-linux-lts-fallback.img -S autodetect --microcode /boot/intel-ucode.img
[2023-09-20T21:52:01+0200] [ALPM-SCRIPTLET] ==> Starting build: '6.1.54-1-lts'
[2023-09-20T21:52:01+0200] [ALPM-SCRIPTLET]   -> Running build hook: [base]
[2023-09-20T21:52:01+0200] [ALPM-SCRIPTLET]   -> Running build hook: [udev]
[2023-09-20T21:52:02+0200] [ALPM-SCRIPTLET]   -> Running build hook: [modconf]
[2023-09-20T21:52:02+0200] [ALPM-SCRIPTLET]   -> Running build hook: [kms]
[2023-09-20T21:52:09+0200] [ALPM-SCRIPTLET]   -> Running build hook: [keyboard]
[2023-09-20T21:52:09+0200] [ALPM-SCRIPTLET] ==> WARNING: Possibly missing firmware for module: 'xhci_pci'
[2023-09-20T21:52:10+0200] [ALPM-SCRIPTLET]   -> Running build hook: [keymap]
[2023-09-20T21:52:10+0200] [ALPM-SCRIPTLET]   -> Running build hook: [block]
[2023-09-20T21:52:12+0200] [ALPM-SCRIPTLET]   -> Running build hook: [encrypt]
[2023-09-20T21:52:13+0200] [ALPM-SCRIPTLET]   -> Running build hook: [filesystems]
[2023-09-20T21:52:14+0200] [ALPM-SCRIPTLET]   -> Running build hook: [fsck]
[2023-09-20T21:52:16+0200] [ALPM-SCRIPTLET] ==> Generating module dependencies
[2023-09-20T21:52:16+0200] [ALPM-SCRIPTLET] ==> Creating zstd-compressed initcpio image: '/boot/initramfs-linux-lts-fallback.img'
[2023-09-20T21:52:17+0200] [ALPM-SCRIPTLET] ==> Image generation successful
[2023-09-20T21:52:17+0200] [ALPM-SCRIPTLET] ==> Building image from preset: /etc/mkinitcpio.d/linux-hardened.preset: 'default'
[2023-09-20T21:52:17+0200] [ALPM-SCRIPTLET] ==> Using default configuration file: '/etc/mkinitcpio.conf'
[2023-09-20T21:52:17+0200] [ALPM-SCRIPTLET]   -> -k /boot/vmlinuz-linux-hardened -g /boot/initramfs-linux-hardened.img --microcode /boot/intel-ucode.img
[2023-09-20T21:52:17+0200] [ALPM-SCRIPTLET] ==> Starting build: '6.5.4-hardened1-1-hardened'
[2023-09-20T21:52:17+0200] [ALPM-SCRIPTLET]   -> Running build hook: [base]
[2023-09-20T21:52:17+0200] [ALPM-SCRIPTLET]   -> Running build hook: [udev]
[2023-09-20T21:52:18+0200] [ALPM-SCRIPTLET]   -> Running build hook: [autodetect]
[2023-09-20T21:52:18+0200] [ALPM-SCRIPTLET]   -> Running build hook: [modconf]
[2023-09-20T21:52:18+0200] [ALPM-SCRIPTLET]   -> Running build hook: [kms]
[2023-09-20T21:52:19+0200] [ALPM-SCRIPTLET]   -> Running build hook: [keyboard]
[2023-09-20T21:52:19+0200] [ALPM-SCRIPTLET] ==> WARNING: Possibly missing firmware for module: 'xhci_pci'
[2023-09-20T21:52:19+0200] [ALPM-SCRIPTLET]   -> Running build hook: [keymap]
[2023-09-20T21:52:19+0200] [ALPM-SCRIPTLET]   -> Running build hook: [block]
[2023-09-20T21:52:19+0200] [ALPM-SCRIPTLET]   -> Running build hook: [encrypt]
[2023-09-20T21:52:20+0200] [ALPM-SCRIPTLET]   -> Running build hook: [filesystems]
[2023-09-20T21:52:20+0200] [ALPM-SCRIPTLET]   -> Running build hook: [fsck]
[2023-09-20T21:52:21+0200] [ALPM-SCRIPTLET] ==> Generating module dependencies
[2023-09-20T21:52:21+0200] [ALPM-SCRIPTLET] ==> Creating zstd-compressed initcpio image: '/boot/initramfs-linux-hardened.img'
[2023-09-20T21:52:21+0200] [ALPM-SCRIPTLET] ==> Image generation successful
[2023-09-20T21:52:21+0200] [ALPM-SCRIPTLET] ==> Building image from preset: /etc/mkinitcpio.d/linux-hardened.preset: 'fallback'
[2023-09-20T21:52:21+0200] [ALPM-SCRIPTLET] ==> Using default configuration file: '/etc/mkinitcpio.conf'
[2023-09-20T21:52:21+0200] [ALPM-SCRIPTLET]   -> -k /boot/vmlinuz-linux-hardened -g /boot/initramfs-linux-hardened-fallback.img -S autodetect --microcode /boot/intel-ucode.img
[2023-09-20T21:52:21+0200] [ALPM-SCRIPTLET] ==> Starting build: '6.5.4-hardened1-1-hardened'
[2023-09-20T21:52:21+0200] [ALPM-SCRIPTLET]   -> Running build hook: [base]
[2023-09-20T21:52:22+0200] [ALPM-SCRIPTLET]   -> Running build hook: [udev]
[2023-09-20T21:52:22+0200] [ALPM-SCRIPTLET]   -> Running build hook: [modconf]
[2023-09-20T21:52:22+0200] [ALPM-SCRIPTLET]   -> Running build hook: [kms]
[2023-09-20T21:52:30+0200] [ALPM-SCRIPTLET]   -> Running build hook: [keyboard]
[2023-09-20T21:52:30+0200] [ALPM-SCRIPTLET] ==> WARNING: Possibly missing firmware for module: 'xhci_pci'
[2023-09-20T21:52:31+0200] [ALPM-SCRIPTLET]   -> Running build hook: [keymap]
[2023-09-20T21:52:31+0200] [ALPM-SCRIPTLET]   -> Running build hook: [block]
[2023-09-20T21:52:33+0200] [ALPM-SCRIPTLET]   -> Running build hook: [encrypt]
[2023-09-20T21:52:34+0200] [ALPM-SCRIPTLET]   -> Running build hook: [filesystems]
[2023-09-20T21:52:35+0200] [ALPM-SCRIPTLET]   -> Running build hook: [fsck]
[2023-09-20T21:52:37+0200] [ALPM-SCRIPTLET] ==> Generating module dependencies
[2023-09-20T21:52:37+0200] [ALPM-SCRIPTLET] ==> Creating zstd-compressed initcpio image: '/boot/initramfs-linux-hardened-fallback.img'
[2023-09-20T21:52:38+0200] [ALPM-SCRIPTLET] ==> Image generation successful
[2023-09-20T21:52:38+0200] [ALPM] running 'dbus-reload.hook'...
[2023-09-20T21:52:38+0200] [ALPM] running 'detect-old-perl-modules.hook'...
[2023-09-20T21:52:38+0200] [ALPM] running 'gio-querymodules.hook'...
[2023-09-20T21:52:38+0200] [ALPM] running 'glib-compile-schemas.hook'...
[2023-09-20T21:52:38+0200] [ALPM] running 'gtk-update-icon-cache.hook'...
[2023-09-20T21:52:38+0200] [ALPM] running 'gvfsd.hook'...
[2023-09-20T21:52:38+0200] [ALPM] running 'update-desktop-database.hook'...
[2023-09-20T21:52:38+0200] [ALPM] running 'update-vlc-plugin-cache.hook'...
