[2023-11-16T11:22:46+0100] [PACMAN] Running 'pacman -S --needed virtualbox'
[2023-11-16T11:23:55+0100] [ALPM] transaction started
[2023-11-16T11:23:55+0100] [ALPM] installed liblzf (3.6-4)
[2023-11-16T11:23:55+0100] [ALPM] installed libtpms (0.9.6-1)
[2023-11-16T11:23:55+0100] [ALPM] installed qt5-tools (5.15.11+kde+r4-1)
[2023-11-16T11:23:55+0100] [ALPM] installed sdl12-compat (1.2.68-1)
[2023-11-16T11:23:55+0100] [ALPM] installed dkms (3.0.11-1)
[2023-11-16T11:23:55+0100] [ALPM] installed virtualbox-host-dkms (7.0.12-1)
[2023-11-16T11:23:55+0100] [ALPM] installed virtualbox (7.0.12-1)
[2023-11-16T11:23:55+0100] [ALPM] transaction completed
[2023-11-16T11:23:55+0100] [ALPM] running '20-systemd-sysusers.hook'...
[2023-11-16T11:23:55+0100] [ALPM-SCRIPTLET] Creating group 'vboxusers' with GID 108.
[2023-11-16T11:23:55+0100] [ALPM] running '30-systemd-daemon-reload.hook'...
[2023-11-16T11:23:55+0100] [ALPM] running '30-systemd-udev-reload.hook'...
[2023-11-16T11:23:56+0100] [ALPM] running '30-systemd-update.hook'...
[2023-11-16T11:23:56+0100] [ALPM] running '30-update-mime-database.hook'...
[2023-11-16T11:23:56+0100] [ALPM] running '70-dkms-install.hook'...
[2023-11-16T11:23:56+0100] [ALPM-SCRIPTLET] ==> dkms install --no-depmod vboxhost/7.0.12_OSE -k 6.1.62-1-lts
[2023-11-16T11:24:01+0100] [ALPM-SCRIPTLET] ==> dkms install --no-depmod vboxhost/7.0.12_OSE -k 6.6.1-arch1-1
[2023-11-16T11:24:04+0100] [ALPM-SCRIPTLET] ==> dkms install --no-depmod vboxhost/7.0.12_OSE -k 6.5.10-hardened1-1-hardened
[2023-11-16T11:24:09+0100] [ALPM-SCRIPTLET] ==> depmod 6.5.10-hardened1-1-hardened
[2023-11-16T11:24:10+0100] [ALPM-SCRIPTLET] ==> depmod 6.1.62-1-lts
[2023-11-16T11:24:11+0100] [ALPM-SCRIPTLET] ==> depmod 6.6.1-arch1-1
[2023-11-16T11:24:12+0100] [ALPM] running 'gtk-update-icon-cache.hook'...
[2023-11-16T11:24:12+0100] [ALPM] running 'update-desktop-database.hook'...
